▲ Next.js 16.1.1 (Turbopack)
- Local:         http://localhost:3000
- Network:       http://10.255.255.254:3000

✓ Starting...
✓ Ready in 950ms
⨯ Error [FirebaseError]: Firebase: Error (auth/invalid-api-key).
    at module evaluation (lib/firebase.ts:17:28)
    at module evaluation (components/providers/auth-provider.tsx:11:1)
    at module evaluation (app/(main)/layout.tsx:3:1)
  15 | const app = !getApps().length ? initializeApp(firebaseConfig) : getApp();
  16 |
> 17 | export const auth = getAuth(app);
     |                            ^
  18 | export const db = getFirestore(app);
  19 | {
  code: 'auth/invalid-api-key',
  customData: [Object],
  digest: '2425430525'
}
 GET / 500 in 3.7s (compile: 3.0s, render: 727ms)
[?25h
